2025-07-06 12:20:48,387 - app - INFO - アプリケーションを開始しています...
2025-07-06 12:20:48,395 - app - INFO - データベーステーブルを作成しました
2025-07-06 12:21:11,392 - app - INFO - ホームページにアクセスしました
2025-07-06 12:21:35,975 - app - INFO - ホームページにアクセスしました
2025-07-06 12:21:38,141 - app - INFO - ホームページにアクセスしました
2025-07-06 12:21:47,273 - app - INFO - プロジェクト詳細ページにアクセス: project_id=1
2025-07-06 12:21:47,276 - app - INFO - プロジェクト詳細ページを表示: test
2025-07-06 12:21:52,023 - app - INFO - ホームページにアクセスしました
2025-07-06 12:22:50,338 - app - INFO - ホームページにアクセスしました
2025-07-06 19:06:53,505 - app - INFO - ホームページにアクセスしました
2025-07-06 19:07:04,004 - app - INFO - プロジェクト詳細ページにアクセス: project_id=1
2025-07-06 19:07:04,005 - app - INFO - プロジェクト詳細ページを表示: test
2025-07-06 19:07:06,207 - app - INFO - ホームページにアクセスしました
2025-07-06 19:09:34,589 - app - INFO - ホームページにアクセスしました
2025-07-06 19:16:47,154 - app - INFO - アプリケーションを終了しています...
2025-07-06 19:16:47,763 - app - INFO - アプリケーションを開始しています...
2025-07-06 19:16:47,764 - app - INFO - データベーステーブルを作成しました
2025-07-06 19:16:54,949 - app - INFO - アプリケーションを終了しています...
2025-07-06 19:16:55,320 - app - INFO - アプリケーションを開始しています...
2025-07-06 19:16:55,321 - app - INFO - データベーステーブルを作成しました
2025-07-06 19:19:45,578 - app - INFO - ホームページにアクセスしました
2025-07-06 19:19:45,615 - app - INFO - ホームページにアクセスしました
2025-07-06 19:20:53,771 - app - INFO - ホームページにアクセスしました
2025-07-06 19:20:55,622 - app - INFO - プロジェクト詳細ページにアクセス: project_id=1
2025-07-06 19:20:55,624 - app - INFO - プロジェクト詳細ページを表示: test
2025-07-06 19:20:59,388 - app - INFO - ホームページにアクセスしました
2025-07-06 19:25:02,309 - app - INFO - アプリケーションを終了しています...
2025-07-06 19:25:02,833 - app - INFO - アプリケーションを開始しています...
2025-07-06 19:25:02,834 - app - INFO - データベーステーブルを作成しました
2025-07-06 19:27:36,124 - app - INFO - アプリケーションを終了しています...
2025-07-06 19:27:36,578 - app - INFO - アプリケーションを開始しています...
2025-07-06 19:27:36,578 - app - INFO - データベーステーブルを作成しました
2025-07-06 19:27:46,285 - app - INFO - アプリケーションを終了しています...
2025-07-06 19:28:25,761 - app - INFO - アプリケーションを開始しています...
2025-07-06 19:28:25,762 - app - INFO - データベーステーブルを作成しました
2025-07-06 19:30:14,842 - app - INFO - ホームページにアクセスしました
2025-07-06 19:45:39,954 - app - INFO - アプリケーションを終了しています...
2025-07-06 19:45:40,476 - app - INFO - アプリケーションを開始しています...
2025-07-06 19:45:40,477 - app - INFO - データベーステーブルを作成しました
2025-07-06 19:50:19,417 - app - INFO - アプリケーションを終了しています...
2025-07-06 19:50:19,896 - app - INFO - アプリケーションを開始しています...
2025-07-06 19:50:19,897 - app - INFO - データベーステーブルを作成しました
2025-07-06 19:59:58,181 - app - INFO - ホームページにアクセスしました
2025-07-06 19:59:59,465 - app - INFO - ホームページにアクセスしました
2025-07-06 20:00:57,061 - app - INFO - ホームページにアクセスしました
2025-07-06 20:02:41,577 - app - INFO - ホームページにアクセスしました
2025-07-06 20:18:10,734 - app - INFO - ホームページにアクセスしました
2025-07-06 20:32:20,304 - app - INFO - ホームページにアクセスしました
2025-07-06 20:47:51,907 - app - INFO - アプリケーションを終了しています...
2025-07-06 20:47:52,451 - app - INFO - アプリケーションを開始しています...
2025-07-06 20:47:52,452 - app - INFO - データベーステーブルを作成しました
2025-07-06 21:13:08,676 - app - INFO - ホームページにアクセスしました
2025-07-06 21:27:25,336 - app - INFO - ホームページにアクセスしました
2025-07-06 21:27:35,999 - app - INFO - ホームページにアクセスしました
2025-07-06 21:27:41,922 - app - INFO - ホームページにアクセスしました
2025-07-06 21:37:07,139 - app - INFO - アプリケーションを終了しています...
2025-07-06 21:54:49,402 - app - INFO - アプリケーションを開始しています...
2025-07-06 21:54:49,405 - app - INFO - データベーステーブルを作成しました
2025-07-06 22:23:39,832 - app - INFO - アプリケーションを終了しています...
2025-07-06 22:23:45,130 - app - INFO - アプリケーションを開始しています...
2025-07-06 22:23:45,131 - app - INFO - データベーステーブルを作成しました
2025-07-06 22:24:27,881 - app - INFO - ホームページにアクセスしました
2025-07-06 22:33:44,725 - app - INFO - プロジェクト詳細ページにアクセス: project_id=1
2025-07-06 22:33:44,728 - app - INFO - プロジェクト詳細ページを表示: test
2025-07-06 22:55:15,570 - app - INFO - プロジェクト詳細ページにアクセス: project_id=1
2025-07-06 22:55:15,572 - app - INFO - プロジェクト詳細ページを表示: test
2025-07-07 00:13:46,895 - app - INFO - アプリケーションを終了しています...
2025-07-07 09:23:49,068 - app - INFO - アプリケーションを開始しています...
2025-07-07 09:23:49,068 - app - INFO - データベーステーブルを作成しました
2025-07-07 09:24:49,009 - app - INFO - ホームページにアクセスしました
2025-07-07 09:26:04,673 - app - INFO - ホームページにアクセスしました
2025-07-07 09:26:13,755 - app - INFO - プロジェクト詳細ページにアクセス: project_id=1
2025-07-07 09:26:13,756 - app - INFO - プロジェクト詳細ページを表示: test
2025-07-07 09:31:52,822 - app - INFO - プロジェクト詳細ページにアクセス: project_id=1
2025-07-07 09:31:52,822 - app - INFO - プロジェクト詳細ページを表示: test
2025-07-07 09:32:43,492 - app - INFO - プロジェクト詳細ページにアクセス: project_id=1
2025-07-07 09:32:43,492 - app - INFO - プロジェクト詳細ページを表示: test
2025-07-07 09:33:26,103 - app - INFO - プロジェクト詳細ページにアクセス: project_id=1
2025-07-07 09:33:26,109 - app - INFO - プロジェクト詳細ページを表示: test
2025-07-07 09:43:19,746 - app - INFO - プロジェクト詳細ページにアクセス: project_id=1
2025-07-07 09:43:19,756 - app - INFO - プロジェクト詳細ページを表示: test
2025-07-07 09:49:39,599 - app - INFO - プロジェクト詳細ページにアクセス: project_id=1
2025-07-07 09:49:39,600 - app - INFO - プロジェクト詳細ページを表示: test
2025-07-07 09:49:43,536 - app - INFO - ホームページにアクセスしました
2025-07-07 09:49:44,747 - app - INFO - プロジェクト詳細ページにアクセス: project_id=1
2025-07-07 09:49:44,747 - app - INFO - プロジェクト詳細ページを表示: test
2025-07-07 09:49:49,022 - app - INFO - ホームページにアクセスしました
2025-07-07 09:49:59,427 - app - INFO - プロジェクト詳細ページにアクセス: project_id=2
2025-07-07 09:49:59,427 - app - INFO - プロジェクト詳細ページを表示: Test2
2025-07-07 09:51:07,769 - app - INFO - プロジェクト詳細ページにアクセス: project_id=2
2025-07-07 09:51:07,769 - app - INFO - プロジェクト詳細ページを表示: Test2
2025-07-07 09:51:38,153 - app - INFO - プロジェクト詳細ページにアクセス: project_id=2
2025-07-07 09:51:38,154 - app - INFO - プロジェクト詳細ページを表示: Test2
2025-07-07 09:57:47,600 - app - INFO - プロジェクト詳細ページにアクセス: project_id=2
2025-07-07 09:57:47,601 - app - INFO - プロジェクト詳細ページを表示: Test2
2025-07-07 10:00:26,576 - app - INFO - ホームページにアクセスしました
2025-07-07 10:04:37,166 - app - INFO - ホームページにアクセスしました
2025-07-07 10:06:11,033 - app - INFO - プロジェクト詳細ページにアクセス: project_id=2
2025-07-07 10:06:11,033 - app - INFO - プロジェクト詳細ページを表示: Test2
2025-07-07 10:09:50,107 - app - INFO - プロジェクト詳細ページにアクセス: project_id=2
2025-07-07 10:09:50,108 - app - INFO - プロジェクト詳細ページを表示: Test2
2025-07-07 10:10:17,382 - app - INFO - アプリケーションを終了しています...
2025-07-07 10:18:21,181 - app - INFO - アプリケーションを開始しています...
2025-07-07 10:18:21,181 - app - INFO - データベーステーブルを作成しました
2025-07-07 10:18:26,663 - app - INFO - ホームページにアクセスしました
2025-07-07 10:18:43,668 - app - INFO - アプリケーションを終了しています...
